[transformers] `torch_dtype` is deprecated! Use `dtype` instead!
[transformers] The fast path is not available because one of the required library is not installed. Falling back to torch implementation. To install follow https://github.com/fla-org/flash-linear-attention#installation and https://github.com/Dao-AILab/causal-conv1d

Loading weights:   0%|          | 0/617 [00:00<?, ?it/s]
Loading weights:   0%|          | 1/617 [00:00<07:00,  1.47it/s]
Loading weights:   1%|▏         | 8/617 [00:01<01:25,  7.11it/s]
Loading weights:   4%|▎         | 22/617 [00:01<00:26, 22.17it/s]
Loading weights:   6%|▌         | 36/617 [00:01<00:15, 38.49it/s]
Loading weights:   7%|▋         | 46/617 [00:01<00:11, 48.63it/s]
Loading weights:  11%|█         | 66/617 [00:01<00:07, 75.23it/s]
Loading weights:  13%|█▎        | 79/617 [00:01<00:06, 85.26it/s]
Loading weights:  15%|█▍        | 91/617 [00:02<00:06, 76.60it/s]
Loading weights:  17%|█▋        | 102/617 [00:02<00:06, 81.67it/s]
Loading weights:  19%|█▉        | 120/617 [00:02<00:04, 100.28it/s]
Loading weights:  21%|██▏       | 132/617 [00:02<00:05, 81.84it/s] 
Loading weights:  24%|██▍       | 147/617 [00:02<00:05, 93.02it/s]
Loading weights:  26%|██▌       | 159/617 [00:02<00:04, 97.96it/s]
Loading weights:  28%|██▊       | 175/617 [00:02<00:03, 112.83it/s]
Loading weights:  32%|███▏      | 195/617 [00:02<00:03, 129.82it/s]
Loading weights:  34%|███▍      | 209/617 [00:03<00:03, 118.74it/s]
Loading weights:  36%|███▋      | 225/617 [00:03<00:03, 128.73it/s]
Loading weights:  39%|███▊      | 239/617 [00:03<00:02, 127.76it/s]
Loading weights:  41%|████      | 253/617 [00:03<00:03, 95.78it/s] 
Loading weights:  43%|████▎     | 265/617 [00:03<00:03, 97.42it/s]
Loading weights:  45%|████▌     | 279/617 [00:03<00:03, 105.04it/s]
Loading weights:  48%|████▊     | 297/617 [00:03<00:02, 123.30it/s]
Loading weights:  50%|█████     | 311/617 [00:03<00:02, 117.03it/s]
Loading weights:  56%|█████▋    | 348/617 [00:04<00:01, 179.08it/s]
Loading weights:  64%|██████▍   | 396/617 [00:04<00:00, 257.67it/s]
Loading weights:  72%|███████▏  | 444/617 [00:04<00:00, 314.83it/s]
Loading weights:  80%|███████▉  | 491/617 [00:04<00:00, 357.82it/s]
Loading weights:  86%|████████▌ | 532/617 [00:04<00:00, 366.59it/s]
Loading weights:  94%|█████████▍| 580/617 [00:04<00:00, 391.22it/s]
Loading weights: 100%|██████████| 617/617 [00:04<00:00, 127.37it/s]

---------------------------------------------------------------------------- MPS Operations Profiling: 6 graphs, 73 kernels ----------------------------------------------------------------------------
  ID  | #Runs | Mean KRNL(ms) | Mean GPU(ms) | Total GPU(ms) | Operation Name
--------------------------------------------------------------------------------------------------------------------------------------------------------------------------------------------------------
  K71     30        34.559         49.238         1477.144     sigmoid:MPS:BFloat16[7, 82, 2048]
  G6      30        34.559         49.238         1477.144     where_self_out_mps::b8[7,1,82,82]:bf16[Scalar]:bf16[Scalar]
  K68     60        34.555         48.740         2924.415     neg:MPS:BFloat16[7, 2, 82, 32]
  K70     60        34.555         48.740         2924.415     add_inner_contiguous_bfloat_bfloat:MPS:BFloat16[7, 2, 82, 64]:MPS:BFloat16[7, 2, 82, 64]
  K67     30        34.555         48.740         1462.207     copy_identity:MPS:BFloat16[7, 82, 8, 256]
  K69    240        34.555         48.740        11697.660     cat:MPS:BFloat16[7, 2, 82, 192]
  K66    150        29.236         41.995         6299.191     mul_dense_ilp4_bfloat_bfloat:MPS:BFloat16[7, 82, 6144]:MPS:BFloat16[7, 82, 6144]
  K60    150        29.234         41.795         6269.318     sum_reduction_inner_chunk:MPS:Float[7, 82, 2, 256]
  K27    305        29.232         41.456        12644.074     mul_dense_broadcast_float_float:MPS:Float[7, 82, 2048]:MPS:Float[2048]
  K31    600        28.811         41.379        24827.203     mps_linear:MPS:Float[574, 8]:MPS:Float[2048, 8]:undefined
  K32    300        28.811         41.379        12413.601     add_dense_cast_float_float:MPS:BFloat16[7, 82, 2048]:MPS:Float[7, 82, 2048]
  K24    700        28.776         40.904        28633.051     add_dense_scalar_float_float:MPS:Float[2048]:CPU:Float[]
  K25    395        28.424         40.478        15988.977     rsqrt:MPS:Float[7, 82, 1]
  K22    395        28.424         40.478        15988.977     sqr:MPS:Float[7, 82, 2048]
  K65    120        27.905         40.184         4822.047     silu:MPS:BFloat16[7, 82, 6144]
  K64    240        27.905         40.184         9644.094     add_dense_ilp4_bfloat_bfloat:MPS:BFloat16[7, 82, 2048]:MPS:BFloat16[7, 82, 2048]
  K28    875        27.994         40.106        35092.385     copy_identity:MPS:Float[7, 82, 2048]
  K23    245        27.929         39.672         9719.659     sum_reduction_inner:MPS:Float[7, 82, 2048]
  K30    930        27.143         39.241        36494.538     mps_linear:MPS:BFloat16[574, 6144]:MPS:BFloat16[2048, 6144]:undefined
  K62     90        25.687         37.166         3344.903     silu:MPS:Float[9184, 128]
  K63     90        25.687         37.166         3344.903     mul_dense_cast_float_float:MPS:BFloat16[9184, 128]:MPS:Float[9184, 128]
  K61     90        25.687         37.166         3344.903     mul_dense_broadcast_rhs_bfloat_bfloat:MPS:BFloat16[128]:MPS:BFloat16[9184, 128]
  K21    1025       25.666         36.197        37101.731     copy_identity:MPS:BFloat16[7, 82, 2048]
  K29     90        24.274         35.610         3204.932     mul_strided_cast_bfloat_bfloat:MPS:BFloat16[7, 82, 2048]:MPS:Long[7, 82, 1]
  K40    300        25.291         34.644        10393.135     mul_inner_contiguous_bfloat_bfloat:MPS:BFloat16[7, 2, 82, 64]:MPS:BFloat16[7, 1, 82, 64]
  K18    400        22.979         33.206        13282.472     mul_dense_scalar_float_float:MPS:Float[7, 82, 2048]:CPU:Float[]
  G2      90        22.750         30.449         2740.387     mps_convolution:1,1:1,1:0,3:6144:false::bf16[7,6144,1,82]:bf16[6144,1,1,4]:false:nobias
  K35     90        22.750         30.449         2740.387     sigmoid:MPS:BFloat16[7, 82, 16]
  K38     90        22.750         30.449         2740.387     add_dense_broadcast_cast_float_float:MPS:Float[7, 82, 16]:MPS:BFloat16[16]
  K37     90        22.750         30.449         2740.387     neg:MPS:Float[16]
  K34     90        22.750         30.449         2740.387     silu:MPS:BFloat16[7, 6144, 82]
  K3     701        21.240         29.363        20583.239     copy_identity:MPS:BFloat16[7, 2048]
  K33    450        20.147         27.319        12293.541     copy_identity:MPS:BFloat16[7, 16, 82]
  G3      90        19.115         25.246         2272.152     softplus_out_mps::f32[7,82,16]:1.000000:20.000000
  K41    180        19.115         25.246         4544.305     sum_reduction:MPS:BFloat16[7, 16, 128, 82]
  K43    180        19.115         25.246         4544.305     rsqrt:MPS:BFloat16[7, 82, 16, 1]
  K44    180        19.115         25.246         4544.305     mul_strided_bfloat_bfloat:MPS:BFloat16[7, 82, 16, 128]:MPS:BFloat16[7, 82, 16, 1]
  K39     90        19.115         25.246         2272.152     mul_dense_broadcast_rhs_float_float:MPS:Float[16]:MPS:Float[7, 82, 16]
  K42    180        19.115         25.246         4544.305     add_dense_scalar_cast_bfloat_bfloat:MPS:BFloat16[7, 82, 16, 1]:CPU:Float[]
  K58    360        12.852         19.698         7091.108     add_dense_ilp4_float_float:MPS:Float[7, 16, 128, 128]:MPS:Float[7, 16, 128, 128]
  K36    360        11.849         18.019         6486.771     exp:MPS:Float[7, 16, 64]
  K59    180        10.880         16.867         3036.001     exp:MPS:Float[7, 16, 1, 1]
  K20     10        29.067         15.113         151.130      copy_identity:MPS:Float[7, 82, 64]
  K19     5         29.067         15.113          75.565      sin:MPS:Float[7, 82, 64]
  K17     5         29.067         15.113          75.565      cos:MPS:Float[7, 82, 64]
  K16     10        29.067         15.113         151.130      cat:MPS:Float[7, 82, 32]
  K14     5         29.067         15.113          75.565      copy_identity:MPS:Long[3, 7, 1, 82]
  G4     270        10.761         14.910         4025.668     constant_pad_nd_mps:f32[7,16,82,128]:Undefined:f32[7,16,128,128]:[0,0,0,46]:0.000000
  K46    270        8.208          13.903         3753.742     sub_strided_float_float:MPS:Float[7, 16, 1]:MPS:Float[7, 16, 64]
  G1     1175       7.966          13.222        15535.299     bmm_out_mps_impl:f32[-1]:f32[-1]0
  K56    180        7.089          11.634         2094.056     sub_inner_contiguous_float_float:MPS:Float[7, 16, 64, 128]:MPS:Float[7, 16, 64, 128]
  K57    180        7.089          11.634         2094.056     exp:MPS:Float[7, 16, 64, 1]
  K26    6785       5.034          10.992        74583.223     mul_strided_float_float:MPS:Float[7, 82, 2048]:MPS:Float[7, 82, 1]
  K11   13355       3.580           9.314        124385.703    copy_identity:MPS:BFloat16[7, 82, 8, 256]
  K55    180        5.393           9.176         1651.728     mul_inner_contiguous_float_float:MPS:Float[7, 16, 64, 64]:MPS:Float[7, 16, 64, 64]
  K15    4160       3.512           9.043        37618.032     copy_identity:MPS:Float[7, 16, 2, 15]
  K48     90        3.039           8.653         778.747      mul_dense_ilp4_float_float:MPS:Float[7, 16, 2, 64, 64]:MPS:Float[7, 16, 2, 64, 64]
  K51     90        3.039           8.653         778.747      sum_reduction:MPS:Float[7, 16, 2, 1, 1]
  K52    5670       3.039           8.653        49061.069     add_dense_float_float:MPS:Float[7, 16, 2, 63]:MPS:Float[7, 16, 2, 63]
  K53    5580       3.039           8.653        48282.322     sum_reduction_outer_small_dim:MPS:Float[7, 16, 2, 63, 63]
  K50     90        3.039           8.653         778.747      mul_dense_float_float:MPS:Float[7, 16, 2, 1, 1]:MPS:Float[7, 16, 2, 1, 1]
  K49     90        3.039           8.653         778.747      neg:MPS:Float[7, 16, 2, 64, 64]
  K54     90        3.039           8.653         778.747      add_dense_broadcast_float_float:MPS:Float[7, 16, 2, 64, 64]:MPS:Float[64, 64]
  K47     90        2.864           7.975         717.741      exp:MPS:Float[7, 16, 2, 64, 64]
  K45     90        2.864           7.975         717.741      cumsum:MPS:Float[7, 16, 2, 64]:MPS:Float[7, 16, 2, 64]
  G5     180        3.370           7.146         1286.292     constant_pad_nd_mps:f32[7,16,82]:Undefined:f32[7,16,128]:[0,46]:0.000000
  K8      5         0.035           0.289          1.446       le_strided_bool_long:MPS:Long[1, 1, 1, 82]:MPS:Long[1, 1, 82, 1]
  K10     5         0.035           0.289          1.446       copy_identity:MPS:Long[7, 1, 1, 82]
  K12     5         0.035           0.289          1.446       bitwise_and_inner_contiguous_bool_bool:MPS:Bool[1, 1, 82, 82]:MPS:Bool[7, 1, 1, 82]
  K9      5         0.035           0.289          1.446       bitwise_and_dense_scalar_lhs_bool_bool:MPS:Bool[]:MPS:Bool[1, 1, 82, 82]
  K13     5         0.035           0.289          1.446       eq_dense_scalar_bool_long:MPS:Long[7, 82]:CPU:Long[]
  K5      15        0.667           0.211          3.172       add_dense_scalar_long_long:MPS:Long[82]:CPU:Long[]
  K7      10        0.984           0.173          1.725       all_reduction:MPS:Bool[7, 82]
  K1      18        0.099           0.143          2.583       log:MPS:BFloat16[16]
  K4      5         1.933           0.056          0.279       index_select:MPS:BFloat16[248320, 2048]:MPS:Long[574]
  K6      5         1.933           0.056          0.279       copy_identity:MPS:Long[7, 82]
  K2      1        109.291          0.045          0.045       sub_dense_bfloat_bfloat:MPS:BFloat16[2048]:MPS:BFloat16[2048]
  K73     5         0.045           0.018          0.090       mps_linear:MPS:Float[7, 2048]:MPS:Float[1, 2048]:MPS:Float[1]
  K72     5         0.045           0.018          0.090       sub_dense_scalar_long_long:MPS:Long[7]:CPU:Long[]
There are no CPU Fallbacks logged for profiling

---------------------------------------------- MPS Copy Profiling: 1006 total copies (4.44 GiB), 27 scalar copies ----------------------------------------------
    Kind    |  Total#  |   Total Size    | Total KRNL(ms) | Total GPU(ms) | Scalars | Scalars GPU | Blocking | memcpy 
----------------------------------------------------------------------------------------------------------------------------------------------------------------
 CPU to MPS      757         4.13 GiB         4793.858         419.710         1         0.00 %        757        0    
 MPS to CPU      25         170 bytes          10.327           1.831          15       94.70 %        25         0    
 MPS to MPS      224        324.59 MiB         14.089           0.000          11        0.00 %        214       224   
